Microchip MPLAB XC8 Compiler V1.33 ()

Linker command line:

-W-3 --edf=C:\Program Files (x86)\Microchip\xc8\v1.33\dat\en_msgs.txt -cs \
  -h+dist/default/production\HumiCalInterface.X.production.sym \
  --cmf=dist/default/production\HumiCalInterface.X.production.cmf -z \
  -Q18F4550 -oC:\Users\Jim\AppData\Local\Temp\sa38.6 \
  -Mdist/default/production/HumiCalInterface.X.production.map -E1 -ver=XC8 \
  -ASTACK=01C3h-07ffh -pstack=STACK -ACODE=00h-07FFFh -ACONST=00h-07FFFh \
  -ASMALLCONST=0800h-08FFhx120 -AMEDIUMCONST=0800h-07FFFh -ACOMRAM=01h-05Fh \
  -AABS1=00h-07FFh -ABIGRAM=01h-07FFh -ARAM=060h-0FFh,0100h-01FFhx7 \
  -ABANK0=060h-0FFh -ABANK1=0100h-01FFh -ABANK2=0200h-02FFh \
  -ABANK3=0300h-03FFh -ABANK4=0400h-04FFh -ABANK5=0500h-05FFh \
  -ABANK6=0600h-06FFh -ABANK7=0700h-07FFh -ASFR=0F60h-0FFFh \
  -preset_vec=00h,intcode=08h,intcodelo,powerup,init,end_init \
  -pramtop=0800h -psmallconst=SMALLCONST -pmediumconst=MEDIUMCONST \
  -pconst=CONST -AFARRAM=00h-00h -ACONFIG=0300000h-030000Dh -pconfig=CONFIG \
  -AIDLOC=0200000h-0200007h -pidloc=IDLOC -AEEDATA=0F00000h-0F000FFh \
  -peeprom_data=EEDATA \
  -prdata=COMRAM,nvrram=COMRAM,nvbit=COMRAM,rbss=COMRAM,rbit=COMRAM \
  -pfarbss=FARRAM,fardata=FARRAM,nvFARRAM=FARRAM \
  -pintsave_regs=BIGRAM,bigbss=BIGRAM,bigdata=BIGRAM -pbss=RAM \
  -pidata=CODE,irdata=CODE,ibigdata=CODE,ifardata=CODE \
  C:\Users\Jim\AppData\Local\Temp\sa38.obj \
  dist/default/production\HumiCalInterface.X.production.obj 

Object code version is 3.11

Machine type is 18F4550

Call graph: (short form)




                Name                               Link     Load   Length Selector   Space Scale
C:\Users\Jim\AppData\Local\Temp\sa38.obj
                end_init                             18       18        4        4       0
                reset_vec                             0        0        4        0       0
                idloc                            200000   200000        8   200000       0
                config                           300000   300000        E   300000       0
dist/default/production\HumiCalInterface.X.production.obj
                intcode                               8        8       10        4       0
                mediumconst                        7D72     7D72      28E     3EB9       0
                text38                             15B6     15B6       16      972       0
                intcode_body                        D04      D04       D0        4       0
                text36                             155E     155E       20      972       0
                text35                             159A     159A       1C      972       0
                text34                             157E     157E       1C      972       0
                text33                             15FC     15FC        C      972       0
                text32                             135A     135A       3A      972       0
                text31                             14F8     14F8       26      972       0
                text30                             1458     1458       2A      972       0
                text29                             1022     1022       62        4       0
                text28                             1320     1320       3A      972       0
                text27                             11D4     11D4       48        4       0
                text26                             15DE     15DE       12      972       0
                text25                             1084     1084       60        4       0
                text24                             10E4     10E4       54        4       0
                text23                              F42      F42       72        4       0
                text22                             15CC     15CC       12      972       0
                text21                             14D2     14D2       26      972       0
                text20                             153E     153E       20      972       0
                text19                              DD4      DD4       CA        4       0
                text18                             151E     151E       20      972       0
                text17                             1402     1402       2C      972       0
                text16                             12E4     12E4       3C      972       0
                text15                             142E     142E       2A      972       0
                text14                             118A     118A       4A        4       0
                text13                               1C       1C      522        4       0
                text12                             1138     1138       52        4       0
                text11                             1260     1260       42        4       0
                text10                             15F0     15F0        C      972       0
                text9                               BAC      BAC      158        4       0
                text8                              121C     121C       44        4       0
                text7                               E9E      E9E       A4        4       0
                text6                               A1C      A1C      190        4       0
                text5                              13CC     13CC       36      972       0
                text4                              1608     1608        6      972       0
                text3                              1394     1394       38      972       0
                text2                              14AA     14AA       28      972       0
                text1                              1482     1482       28      972       0
                text0                               53E      53E      4DE        4       0
                cstackCOMRAM                          1        1       39        1       1
                cstackBANK0                          60       60       57       60       1
                dataBANK1                           182      182       41      100       1
                bssBANK1                            100      100       82      100       1
                bssBANK0                             B7       B7       40       60       1
                dataCOMRAM                           45       45        4        1       1
                bssCOMRAM                            3A       3A        B        1       1
                cinit                               FB4      FB4       6E        4       0
                idataBANK1                         12A2     12A2       41        4       0
                idataCOMRAM                        160E     160E        4      972       0

TOTAL           Name                               Link     Load   Length     Space
        CLASS   STACK          

        CLASS   CODE           
                end_init                             18       18        4         0
                intcode                               8        8       10         0
                reset_vec                             0        0        4         0
                text38                             15B6     15B6       16         0
                intcode_body                        D04      D04       D0         0
                text36                             155E     155E       20         0
                text35                             159A     159A       1C         0
                text34                             157E     157E       1C         0
                text33                             15FC     15FC        C         0
                text32                             135A     135A       3A         0
                text31                             14F8     14F8       26         0
                text30                             1458     1458       2A         0
                text29                             1022     1022       62         0
                text28                             1320     1320       3A         0
                text27                             11D4     11D4       48         0
                text26                             15DE     15DE       12         0
                text25                             1084     1084       60         0
                text24                             10E4     10E4       54         0
                text23                              F42      F42       72         0
                text22                             15CC     15CC       12         0
                text21                             14D2     14D2       26         0
                text20                             153E     153E       20         0
                text19                              DD4      DD4       CA         0
                text18                             151E     151E       20         0
                text17                             1402     1402       2C         0
                text16                             12E4     12E4       3C         0
                text15                             142E     142E       2A         0
                text14                             118A     118A       4A         0
                text13                               1C       1C      522         0
                text12                             1138     1138       52         0
                text11                             1260     1260       42         0
                text10                             15F0     15F0        C         0
                text9                               BAC      BAC      158         0
                text8                              121C     121C       44         0
                text7                               E9E      E9E       A4         0
                text6                               A1C      A1C      190         0
                text5                              13CC     13CC       36         0
                text4                              1608     1608        6         0
                text3                              1394     1394       38         0
                text2                              14AA     14AA       28         0
                text1                              1482     1482       28         0
                text0                               53E      53E      4DE         0
                cinit                               FB4      FB4       6E         0
                idataBANK1                         12A2     12A2       41         0
                idataCOMRAM                        160E     160E        4         0

        CLASS   CONST          

        CLASS   SMALLCONST     

        CLASS   MEDIUMCONST    
                mediumconst                        7D72     7D72      28E         0

        CLASS   COMRAM         
                cstackCOMRAM                          1        1       39         1
                dataCOMRAM                           45       45        4         1
                bssCOMRAM                            3A       3A        B         1

        CLASS   ABS1           

        CLASS   BIGRAM         

        CLASS   RAM            

        CLASS   BANK0          
                cstackBANK0                          60       60       57         1
                bssBANK0                             B7       B7       40         1

        CLASS   BANK1          
                dataBANK1                           182      182       41         1
                bssBANK1                            100      100       82         1

        CLASS   BANK2          

        CLASS   BANK3          

        CLASS   BANK4          

        CLASS   BANK5          

        CLASS   BANK6          

        CLASS   BANK7          

        CLASS   SFR            

        CLASS   FARRAM         

        CLASS   CONFIG         
                config                           300000   300000        E         0

        CLASS   IDLOC          
                idloc                            200000   200000        8         0

        CLASS   EEDATA         



SEGMENTS        Name                           Load    Length   Top    Selector   Space  Class

                reset_vec                      000000  000004  000004         0       0  CODE    
                cstackCOMRAM                   000001  000048  000049         1       1  COMRAM  
                intcode                        000008  0012DB  0012E3         4       0  CODE    
                cstackBANK0                    000060  000097  0000F7        60       1  BANK0   
                bssBANK1                       000100  0000C3  0001C3       100       1  BANK1   
                text16                         0012E4  00032E  001612       972       0  CODE    
                mediumconst                    007D72  00028E  008000      3EB9       0  MEDIUMCO
                idloc                          200000  000008  200008    200000       0  IDLOC   
                config                         300000  00000E  30000E    300000       0  CONFIG  


UNUSED ADDRESS RANGES

        Name                Unused          Largest block    Delta
        BANK0            0000F7-0000FF                9
        BANK1            0001C3-0001FF               3D
        BANK2            000200-0002FF              100
        BANK3            000300-0003FF              100
        BANK4            000400-0004FF              100
        BANK5            000500-0005FF              100
        BANK6            000600-0006FF              100
        BANK7            000700-0007FF              100
        BIGRAM           000049-00005F               17
                         0000F7-0000FF                9
                         0001C3-0007FF              63D
        CODE             000004-000007                4
                         0012E3-0012E3                1
                         001612-007D71             6760
        COMRAM           000049-00005F               17
        CONST            000004-000007                4
                         0012E3-0012E3                1
                         001612-007D71             6760
        EEDATA           F00000-F000FF              100
        MEDIUMCONST      0012E3-0012E3                1
                         001612-007D71             6760
        RAM              0000F7-0000FF                9
                         0001C3-0007FF              100
        SFR              000F60-000FFF               A0
        SMALLCONST       0012E3-0012E3                1
                         001612-007D71              100
        STACK            0001C3-0007FF              63D

                                  Symbol Table

?_AD5172_Read                            cstackCOMRAM 000016
?_AD5172_ReceiveByte                     cstackCOMRAM 000013
?___awdiv                                cstackCOMRAM 000013
?___lwdiv                                cstackCOMRAM 000013
?___lwmod                                cstackCOMRAM 00001A
?___wmul                                 cstackCOMRAM 000013
?_atoi                                   cstackCOMRAM 000019
?_printf                                 cstackCOMRAM 00001F
?_strcmp                                 cstackCOMRAM 000013
AD5172_Program@instructionByte           cstackCOMRAM 000015
AD5172_Program@potSelect                 cstackCOMRAM 000014
AD5172_Read@dataByte                     cstackCOMRAM 000018
AD5172_Read@status                       cstackCOMRAM 00001C
AD5172_Read@temp                         cstackCOMRAM 00001A
AD5172_ReceiveByte@byte                  cstackCOMRAM 000015
AD5172_SendByte@byte                     cstackCOMRAM 000013
AD5172_Set@instructionByte               cstackCOMRAM 000015
AD5172_Set@potSelect                     cstackCOMRAM 000014
AD5172_Write@dataByte                    cstackCOMRAM 000014
AD5172_Write@instructionByte             cstackCOMRAM 000016
AD5172_Write@potSelect                   cstackCOMRAM 000015
DelayMs@i                                cstackCOMRAM 000013
DelayMs@j                                cstackCOMRAM 000015
DelayMs@k                                cstackCOMRAM 000017
Read_b_eep@badd                          cstackCOMRAM 000013
Write_b_eep@GIE_BIT_VAL                  cstackCOMRAM 000016
Write_b_eep@badd                         cstackCOMRAM 000013
Write_b_eep@bdat                         cstackCOMRAM 000015
_ACKDT                                   (abs)        007E2D
_ACKEN                                   (abs)        007E2C
_ACKSTAT                                 (abs)        007E2E
_AD5172_Program                          text32       00135A
_AD5172_Read                             text29       001022
_AD5172_ReceiveByte                      text31       0014F8
_AD5172_SendByte                         text36       00155E
_AD5172_Set                              text28       001320
_AD5172_Start                            text35       00159A
_AD5172_Stop                             text34       00157E
_AD5172_Write                            text27       0011D4
_ADCON0                                  (abs)        000FC2
_ADCON1                                  (abs)        000FC1
_ADCON2                                  (abs)        000FC0
_BRGH                                    (abs)        007D62
_Busy_eep                                text4        001608
_CREN                                    (abs)        007D5C
_DelayMs                                 text8        00121C
_EEADR                                   (abs)        000FA9
_EECON1bits                              (abs)        000FA6
_EECON2                                  (abs)        000FA7
_EEDATA                                  (abs)        000FA8
_GIE                                     (abs)        007F97
_INTCON                                  (abs)        000FF2
_INTCONbits                              (abs)        000FF2
_OERR                                    (abs)        007D59
_OTP_Validation_Flag                     bssCOMRAM    00003E
_PEIE                                    (abs)        007F96
_PEN                                     (abs)        007E2A
_PIE1                                    (abs)        000F9D
_PORTA                                   (abs)        000F80
_PORTAbits                               (abs)        000F80
_PORTBbits                               (abs)        000F81
_PORTC                                   (abs)        000F82
_PORTD                                   (abs)        000F83
_PORTDbits                               (abs)        000F83
_PORTE                                   (abs)        000F84
_PORTEbits                               (abs)        000F84
_RBPU                                    (abs)        007F8F
_RCEN                                    (abs)        007E2B
_RCIE                                    (abs)        007CED
_RCIF                                    (abs)        007CF5
_RCREG                                   (abs)        000FAE
_RX9                                     (abs)        007D5E
_Read_b_eep                              text26       0015DE
_SEN                                     (abs)        007E28
_SPBRG                                   (abs)        000FAF
_SPEN                                    (abs)        007D5F
_SREN                                    (abs)        007D5D
_SSPADD                                  (abs)        000FC8
_SSPBUF                                  (abs)        000FC9
_SSPCON1                                 (abs)        000FC6
_SSPIE                                   (abs)        007CEB
_SSPIF                                   (abs)        007CF3
_SSPSTAT                                 (abs)        000FC7
_SYNC                                    (abs)        007D64
_T1CKPS0                                 (abs)        007E6C
_T1CKPS1                                 (abs)        007E6D
_T1CON                                   (abs)        000FCD
_TMR1CS                                  (abs)        007E69
_TMR1IE                                  (abs)        007CE8
_TMR1IF                                  (abs)        007CF0
_TMR1ON                                  (abs)        007E68
_TMR2IE                                  (abs)        007CE9
_TRISA                                   (abs)        000F92
_TRISB                                   (abs)        000F93
_TRISC                                   (abs)        000F94
_TRISD                                   (abs)        000F95
_TRISE                                   (abs)        000F96
_TX9                                     (abs)        007D66
_TXEN                                    (abs)        007D65
_TXIE                                    (abs)        007CEC
_TXIF                                    (abs)        007CF4
_TXREG                                   (abs)        000FAD
_UARTbuffer                              bssBANK1     000100
_UARTflag                                bssCOMRAM    00003F
_Write_b_eep                             text3        001394
__CFG_BOR$ON                             (abs)        000000
__CFG_BORV$3                             (abs)        000000
__CFG_CCP2MX$ON                          (abs)        000000
__CFG_CP0$OFF                            (abs)        000000
__CFG_CP1$OFF                            (abs)        000000
__CFG_CP2$OFF                            (abs)        000000
__CFG_CP3$OFF                            (abs)        000000
__CFG_CPB$OFF                            (abs)        000000
__CFG_CPD$OFF                            (abs)        000000
__CFG_CPUDIV$OSC1_PLL2                   (abs)        000000
__CFG_EBTR0$OFF                          (abs)        000000
__CFG_EBTR1$OFF                          (abs)        000000
__CFG_EBTR2$OFF                          (abs)        000000
__CFG_EBTR3$OFF                          (abs)        000000
__CFG_EBTRB$OFF                          (abs)        000000
__CFG_FCMEN$OFF                          (abs)        000000
__CFG_FOSC$HS                            (abs)        000000
__CFG_ICPRT$ON                           (abs)        000000
__CFG_IESO$OFF                           (abs)        000000
__CFG_LPT1OSC$ON                         (abs)        000000
__CFG_LVP$ON                             (abs)        000000
__CFG_MCLRE$ON                           (abs)        000000
__CFG_PBADEN$ON                          (abs)        000000
__CFG_PLLDIV$1                           (abs)        000000
__CFG_PWRT$ON                            (abs)        000000
__CFG_STVREN$ON                          (abs)        000000
__CFG_USBDIV$1                           (abs)        000000
__CFG_VREGEN$ON                          (abs)        000000
__CFG_WDT$ON                             (abs)        000000
__CFG_WDTPS$4096                         (abs)        000000
__CFG_WRT0$OFF                           (abs)        000000
__CFG_WRT1$OFF                           (abs)        000000
__CFG_WRT2$OFF                           (abs)        000000
__CFG_WRT3$OFF                           (abs)        000000
__CFG_WRTB$OFF                           (abs)        000000
__CFG_WRTC$OFF                           (abs)        000000
__CFG_WRTD$OFF                           (abs)        000000
__HRAM                                   (abs)        000000
__Habs1                                  abs1         000000
__Hbank0                                 bank0        000000
__Hbank1                                 bank1        000000
__Hbank2                                 bank2        000000
__Hbank3                                 bank3        000000
__Hbank4                                 bank4        000000
__Hbank5                                 bank5        000000
__Hbank6                                 bank6        000000
__Hbank7                                 bank7        000000
__Hbigbss                                bigbss       000000
__Hbigdata                               bigdata      000000
__Hbigram                                bigram       000000
__Hbss                                   bss          000000
__HbssBANK0                              bssBANK0     000000
__HbssBANK1                              bssBANK1     000000
__HbssCOMRAM                             bssCOMRAM    000000
__Hcinit                                 cinit        000000
__Hclrtext                               clrtext      000000
__Hcomram                                comram       000000
__Hconfig                                config       30000E
__Hconst                                 const        000000
__HcstackBANK0                           cstackBANK0  000000
__HcstackCOMRAM                          cstackCOMRAM 000000
__Hdata                                  data         000000
__HdataBANK1                             dataBANK1    000000
__HdataCOMRAM                            dataCOMRAM   000000
__Heeprom_data                           eeprom_data  000000
__Hend_init                              end_init     00001C
__Hfarbss                                farbss       000000
__Hfardata                               fardata      000000
__Hibigdata                              ibigdata     000000
__Hidata                                 idata        000000
__HidataBANK1                            idataBANK1   000000
__HidataCOMRAM                           idataCOMRAM  000000
__Hidloc                                 idloc        200008
__Hifardata                              ifardata     000000
__Hinit                                  init         000018
__Hintcode                               intcode      000018
__Hintcode_body                          intcode_body 000000
__Hintcodelo                             intcodelo    000018
__Hintentry                              intentry     000000
__Hintret                                intret       000000
__Hintsave_regs                          intsave_regs 000000
__Hirdata                                irdata       000000
__Hmediumconst                           mediumconst  008000
__HnvFARRAM                              nvFARRAM     000000
__Hnvbit                                 nvbit        000000
__Hnvrram                                nvrram       000000
__Hparam                                 rparam       000000
__Hpowerup                               powerup      000018
__Hram                                   ram          000000
__Hramtop                                ramtop       000800
__Hrbit                                  rbit         000000
__Hrbss                                  rbss         000000
__Hrdata                                 rdata        000000
__Hreset_vec                             reset_vec    000004
__Hrparam                                rparam       000000
__Hsfr                                   sfr          000000
__Hsmallconst                            smallconst   000000
__Hspace_0                               (abs)        30000E
__Hspace_1                               (abs)        0001C3
__Hspace_2                               (abs)        000000
__Hstack                                 stack        000000
__Hstruct                                struct       000000
__Htemp                                  temp         000000
__Htext                                  text         000000
__Htext0                                 text0        000000
__Htext1                                 text1        000000
__Htext10                                text10       000000
__Htext11                                text11       000000
__Htext12                                text12       000000
__Htext13                                text13       000000
__Htext14                                text14       000000
__Htext15                                text15       000000
__Htext16                                text16       000000
__Htext17                                text17       000000
__Htext18                                text18       000000
__Htext19                                text19       000000
__Htext2                                 text2        000000
__Htext20                                text20       000000
__Htext21                                text21       000000
__Htext22                                text22       000000
__Htext23                                text23       000000
__Htext24                                text24       000000
__Htext25                                text25       000000
__Htext26                                text26       000000
__Htext27                                text27       000000
__Htext28                                text28       000000
__Htext29                                text29       000000
__Htext3                                 text3        000000
__Htext30                                text30       000000
__Htext31                                text31       000000
__Htext32                                text32       000000
__Htext33                                text33       000000
__Htext34                                text34       000000
__Htext35                                text35       000000
__Htext36                                text36       000000
__Htext38                                text38       000000
__Htext4                                 text4        000000
__Htext5                                 text5        000000
__Htext6                                 text6        000000
__Htext7                                 text7        000000
__Htext8                                 text8        000000
__Htext9                                 text9        000000
__LRAM                                   (abs)        000001
__Labs1                                  abs1         000000
__Lbank0                                 bank0        000000
__Lbank1                                 bank1        000000
__Lbank2                                 bank2        000000
__Lbank3                                 bank3        000000
__Lbank4                                 bank4        000000
__Lbank5                                 bank5        000000
__Lbank6                                 bank6        000000
__Lbank7                                 bank7        000000
__Lbigbss                                bigbss       000000
__Lbigdata                               bigdata      000000
__Lbigram                                bigram       000000
__Lbss                                   bss          000000
__LbssBANK0                              bssBANK0     000000
__LbssBANK1                              bssBANK1     000000
__LbssCOMRAM                             bssCOMRAM    000000
__Lcinit                                 cinit        000000
__Lclrtext                               clrtext      000000
__Lcomram                                comram       000000
__Lconfig                                config       300000
__Lconst                                 const        000000
__LcstackBANK0                           cstackBANK0  000000
__LcstackCOMRAM                          cstackCOMRAM 000000
__Ldata                                  data         000000
__LdataBANK1                             dataBANK1    000000
__LdataCOMRAM                            dataCOMRAM   000000
__Leeprom_data                           eeprom_data  000000
__Lend_init                              end_init     000018
__Lfarbss                                farbss       000000
__Lfardata                               fardata      000000
__Libigdata                              ibigdata     000000
__Lidata                                 idata        000000
__LidataBANK1                            idataBANK1   000000
__LidataCOMRAM                           idataCOMRAM  000000
__Lidloc                                 idloc        200000
__Lifardata                              ifardata     000000
__Linit                                  init         000018
__Lintcode                               intcode      000008
__Lintcode_body                          intcode_body 000000
__Lintcodelo                             intcodelo    000018
__Lintentry                              intentry     000000
__Lintret                                intret       000000
__Lintsave_regs                          intsave_regs 000000
__Lirdata                                irdata       000000
__Lmediumconst                           mediumconst  007D72
__LnvFARRAM                              nvFARRAM     000000
__Lnvbit                                 nvbit        000000
__Lnvrram                                nvrram       000000
__Lparam                                 rparam       000000
__Lpowerup                               powerup      000018
__Lram                                   ram          000000
__Lramtop                                ramtop       000800
__Lrbit                                  rbit         000000
__Lrbss                                  rbss         000000
__Lrdata                                 rdata        000000
__Lreset_vec                             reset_vec    000000
__Lrparam                                rparam       000000
__Lsfr                                   sfr          000000
__Lsmallconst                            smallconst   000000
__Lspace_0                               (abs)        000000
__Lspace_1                               (abs)        000000
__Lspace_2                               (abs)        000000
__Lstack                                 stack        000000
__Lstruct                                struct       000000
__Ltemp                                  temp         000000
__Ltext                                  text         000000
__Ltext0                                 text0        000000
__Ltext1                                 text1        000000
__Ltext10                                text10       000000
__Ltext11                                text11       000000
__Ltext12                                text12       000000
__Ltext13                                text13       000000
__Ltext14                                text14       000000
__Ltext15                                text15       000000
__Ltext16                                text16       000000
__Ltext17                                text17       000000
__Ltext18                                text18       000000
__Ltext19                                text19       000000
__Ltext2                                 text2        000000
__Ltext20                                text20       000000
__Ltext21                                text21       000000
__Ltext22                                text22       000000
__Ltext23                                text23       000000
__Ltext24                                text24       000000
__Ltext25                                text25       000000
__Ltext26                                text26       000000
__Ltext27                                text27       000000
__Ltext28                                text28       000000
__Ltext29                                text29       000000
__Ltext3                                 text3        000000
__Ltext30                                text30       000000
__Ltext31                                text31       000000
__Ltext32                                text32       000000
__Ltext33                                text33       000000
__Ltext34                                text34       000000
__Ltext35                                text35       000000
__Ltext36                                text36       000000
__Ltext38                                text38       000000
__Ltext4                                 text4        000000
__Ltext5                                 text5        000000
__Ltext6                                 text6        000000
__Ltext7                                 text7        000000
__Ltext8                                 text8        000000
__Ltext9                                 text9        000000
__S0                                     (abs)        30000E
__S1                                     (abs)        0001C3
__S2                                     (abs)        000000
___awdiv                                 text7        000E9E
___awdiv@counter                         cstackCOMRAM 000017
___awdiv@dividend                        cstackCOMRAM 000013
___awdiv@divisor                         cstackCOMRAM 000015
___awdiv@quotient                        cstackCOMRAM 000019
___awdiv@sign                            cstackCOMRAM 000018
___inthi_sp                              stack        000000
___intlo_sp                              stack        000000
___lwdiv                                 text12       001138
___lwdiv@counter                         cstackCOMRAM 000017
___lwdiv@dividend                        cstackCOMRAM 000013
___lwdiv@divisor                         cstackCOMRAM 000015
___lwdiv@quotient                        cstackCOMRAM 000018
___lwmod                                 text11       001260
___lwmod@counter                         cstackCOMRAM 00001E
___lwmod@dividend                        cstackCOMRAM 00001A
___lwmod@divisor                         cstackCOMRAM 00001C
___sp                                    stack        000000
___wmul                                  text21       0014D2
___wmul@multiplicand                     cstackCOMRAM 000015
___wmul@multiplier                       cstackCOMRAM 000013
___wmul@product                          cstackCOMRAM 000017
__accesstop                              (abs)        000060
__activetblptr                           (abs)        000002
__end_of_AD5172_Program                  text32       001394
__end_of_AD5172_Read                     text29       001084
__end_of_AD5172_ReceiveByte              text31       00151E
__end_of_AD5172_SendByte                 text36       00157E
__end_of_AD5172_Set                      text28       00135A
__end_of_AD5172_Start                    text35       0015B6
__end_of_AD5172_Stop                     text34       00159A
__end_of_AD5172_Write                    text27       00121C
__end_of_Busy_eep                        text4        00160E
__end_of_DelayMs                         text8        001260
__end_of_Read_b_eep                      text26       0015F0
__end_of_Write_b_eep                     text3        0013CC
__end_of___awdiv                         text7        000F42
__end_of___lwdiv                         text12       00118A
__end_of___lwmod                         text11       0012A2
__end_of___wmul                          text21       0014F8
__end_of__initialization                 cinit        001018
__end_of__stringdata                     mediumconst  007FFE
__end_of_atoi                            text19       000E9E
__end_of_dpowers                         mediumconst  007D7D
__end_of_get_Acknowledge                 text33       001608
__end_of_i2c_SlaveRead                   text25       0010E4
__end_of_i2c_SlaveWrite                  text24       001138
__end_of_initializePorts                 text23       000FB4
__end_of_initialize_I2C                  text22       0015DE
__end_of_isalpha                         text17       00142E
__end_of_isdigit                         text20       00155E
__end_of_ispunct                         text16       001320
__end_of_isr                             intcode_body 000DD4
__end_of_isspace                         text15       001458
__end_of_isupper                         text18       00153E
__end_of_main                            text0        000A1C
__end_of_parseInString                   text13       00053E
__end_of_printf                          text9        000D04
__end_of_putch                           text10       0015FC
__end_of_send_Acknowledge                text30       001482
__end_of_setMultiplexerAndBankRelays     text6        000BAC
__end_of_setProgramSupply                text5        001402
__end_of_strcmp                          text14       0011D4
__end_of_toupper                         text38       0015CC
__end_of_turnCompressorOff               text2        0014D2
__end_of_turnCompressorOn                text1        0014AA
__initialization                         cinit        000FB4
__mediumconst                            mediumconst  007D72
__pbssBANK0                              bssBANK0     0000B7
__pbssBANK1                              bssBANK1     000100
__pbssCOMRAM                             bssCOMRAM    00003A
__pcinit                                 cinit        000FB4
__pcstackBANK0                           cstackBANK0  000060
__pcstackCOMRAM                          cstackCOMRAM 000001
__pdataBANK1                             dataBANK1    000182
__pdataCOMRAM                            dataCOMRAM   000045
__pidataBANK1                            idataBANK1   0012A2
__pidataCOMRAM                           idataCOMRAM  00160E
__pintcode                               intcode      000008
__pintcode_body                          intcode_body 000D04
__pmediumconst                           mediumconst  007D72
__ptext0                                 text0        00053E
__ptext1                                 text1        001482
__ptext10                                text10       0015F0
__ptext11                                text11       001260
__ptext12                                text12       001138
__ptext13                                text13       00001C
__ptext14                                text14       00118A
__ptext15                                text15       00142E
__ptext16                                text16       0012E4
__ptext17                                text17       001402
__ptext18                                text18       00151E
__ptext19                                text19       000DD4
__ptext2                                 text2        0014AA
__ptext20                                text20       00153E
__ptext21                                text21       0014D2
__ptext22                                text22       0015CC
__ptext23                                text23       000F42
__ptext24                                text24       0010E4
__ptext25                                text25       001084
__ptext26                                text26       0015DE
__ptext27                                text27       0011D4
__ptext28                                text28       001320
__ptext29                                text29       001022
__ptext3                                 text3        001394
__ptext30                                text30       001458
__ptext31                                text31       0014F8
__ptext32                                text32       00135A
__ptext33                                text33       0015FC
__ptext34                                text34       00157E
__ptext35                                text35       00159A
__ptext36                                text36       00155E
__ptext38                                text38       0015B6
__ptext4                                 text4        001608
__ptext5                                 text5        0013CC
__ptext6                                 text6        000A1C
__ptext7                                 text7        000E9E
__ptext8                                 text8        00121C
__ptext9                                 text9        000BAC
__ramtop                                 ramtop       000800
__size_of_AD5172_Program                 (abs)        000000
__size_of_AD5172_Read                    (abs)        000000
__size_of_AD5172_ReceiveByte             (abs)        000000
__size_of_AD5172_SendByte                (abs)        000000
__size_of_AD5172_Set                     (abs)        000000
__size_of_AD5172_Start                   (abs)        000000
__size_of_AD5172_Stop                    (abs)        000000
__size_of_AD5172_Write                   (abs)        000000
__size_of_Busy_eep                       (abs)        000000
__size_of_DelayMs                        (abs)        000000
__size_of_Read_b_eep                     (abs)        000000
__size_of_Write_b_eep                    (abs)        000000
__size_of___awdiv                        (abs)        000000
__size_of___lwdiv                        (abs)        000000
__size_of___lwmod                        (abs)        000000
__size_of___wmul                         (abs)        000000
__size_of_atoi                           (abs)        000000
__size_of_get_Acknowledge                (abs)        000000
__size_of_i2c_SlaveRead                  (abs)        000000
__size_of_i2c_SlaveWrite                 (abs)        000000
__size_of_initializePorts                (abs)        000000
__size_of_initialize_I2C                 (abs)        000000
__size_of_isalpha                        (abs)        000000
__size_of_isdigit                        (abs)        000000
__size_of_ispunct                        (abs)        000000
__size_of_isr                            (abs)        000000
__size_of_isspace                        (abs)        000000
__size_of_isupper                        (abs)        000000
__size_of_main                           (abs)        000000
__size_of_parseInString                  (abs)        000000
__size_of_printf                         (abs)        000000
__size_of_putch                          (abs)        000000
__size_of_send_Acknowledge               (abs)        000000
__size_of_setMultiplexerAndBankRelays    (abs)        000000
__size_of_setProgramSupply               (abs)        000000
__size_of_strcmp                         (abs)        000000
__size_of_toupper                        (abs)        000000
__size_of_turnCompressorOff              (abs)        000000
__size_of_turnCompressorOn               (abs)        000000
__smallconst                             smallconst   000000
__stringdata                             mediumconst  007D7D
_atoi                                    text19       000DD4
_boardSelect                             bssCOMRAM    000040
_dpowers                                 mediumconst  007D73
_errorFlag                               bssCOMRAM    000041
_get_Acknowledge                         text33       0015FC
_i2c_SlaveRead                           text25       001084
_i2c_SlaveWrite                          text24       0010E4
_inBuffer                                bssBANK1     000141
_initializePorts                         text23       000F42
_initialize_I2C                          text22       0015CC
_isalpha                                 text17       001402
_isalpha$1207                            cstackCOMRAM 000017
_isdigit                                 text20       00153E
_isdigit$1210                            cstackCOMRAM 000014
_ispunct                                 text16       0012E4
_isr                                     intcode      000008
_isspace                                 text15       00142E
_isspace$1215                            cstackCOMRAM 000014
_isupper                                 text18       00151E
_isupper$1218                            cstackCOMRAM 000014
_main                                    text0        00053E
_multiplexChannel                        bssCOMRAM    00003A
_outBuffer                               dataBANK1    000182
_parseInString                           text13       00001C
_potSelect                               dataCOMRAM   000045
_potValue                                bssCOMRAM    00003C
_printf                                  text9        000BAC
_putch                                   text10       0015F0
_send_Acknowledge                        text30       001458
_sensorNumber                            dataCOMRAM   000047
_setMultiplexerAndBankRelays             text6        000A1C
_setProgramSupply                        text5        0013CC
_slavePIC                                bssCOMRAM    000042
_strcmp                                  text14       00118A
_timeout                                 bssCOMRAM    000043
_toupper                                 text38       0015B6
_turnCompressorOff                       text2        0014AA
_turnCompressorOn                        text1        001482
atoi@a                                   cstackCOMRAM 00001E
atoi@s                                   cstackCOMRAM 000019
atoi@sign                                cstackCOMRAM 00001D
end_of_initialization                    cinit        001018
get_Acknowledge@ack                      cstackCOMRAM 000013
i2c_SlaveRead@device                     cstackCOMRAM 000017
i2c_SlaveRead@i                          cstackCOMRAM 000018
i2c_SlaveRead@numBytes                   cstackCOMRAM 000016
i2c_SlaveWrite@dataByte                  cstackCOMRAM 000016
i2c_SlaveWrite@device                    cstackCOMRAM 000015
i2c_SlaveWrite@i                         cstackCOMRAM 000017
i2c_SlaveWrite@numDataBytes              cstackCOMRAM 000014
int_func                                 intcode_body 000D04
intlevel0                                text         000000
intlevel1                                text         000000
intlevel2                                text         000000
intlevel3                                text         000000
isalpha@c                                cstackCOMRAM 000018
isdigit@c                                cstackCOMRAM 000015
ispunct@c                                cstackCOMRAM 000013
isr@ch                                   cstackCOMRAM 000012
isr@dummy                                cstackCOMRAM 000010
isr@i                                    bssCOMRAM    000044
isr@temp                                 cstackCOMRAM 000011
isspace@c                                cstackCOMRAM 000015
isupper@c                                cstackCOMRAM 000015
main@CompressorFlag                      cstackBANK0  0000B3
main@command                             cstackBANK0  0000B6
main@inByte1                             cstackBANK0  0000A9
main@inByte2                             cstackBANK0  0000AB
main@inByte3                             cstackBANK0  0000AD
main@inByte4                             cstackBANK0  0000AF
main@inByte5                             cstackBANK0  0000B1
main@inputData                           cstackBANK0  0000B4
main@testByte                            cstackBANK0  0000A8
parseInString@F5704                      bssBANK0     0000B7
parseInString@F5706                      bssBANK0     0000D7
parseInString@alphaString                cstackBANK0  000080
parseInString@ch                         cstackBANK0  0000A7
parseInString@command                    cstackBANK0  0000A4
parseInString@i                          cstackBANK0  0000A6
parseInString@j                          cstackBANK0  0000A5
parseInString@k                          cstackBANK0  0000A1
parseInString@numString                  cstackBANK0  000060
parseInString@punctuationChar            cstackBANK0  0000A0
parseInString@value                      cstackBANK0  0000A2
printf@_val                              cstackCOMRAM 000033
printf@ap                                cstackCOMRAM 000031
printf@c                                 cstackCOMRAM 000038
printf@f                                 cstackCOMRAM 00001F
printf@flag                              cstackCOMRAM 00002F
printf@prec                              cstackCOMRAM 000030
putch@byte                               cstackCOMRAM 000013
send_Acknowledge@ack                     cstackCOMRAM 000013
setMultiplexerAndBankRelays@bank         cstackCOMRAM 000029
setMultiplexerAndBankRelays@boardSelect  cstackCOMRAM 000028
setMultiplexerAndBankRelays@channel      cstackCOMRAM 000023
setMultiplexerAndBankRelays@dividend     cstackCOMRAM 000026
setMultiplexerAndBankRelays@quotient     cstackCOMRAM 000024
setMultiplexerAndBankRelays@remainder    cstackCOMRAM 00001F
setMultiplexerAndBankRelays@sensorNumber cstackCOMRAM 00001B
setMultiplexerAndBankRelays@temp         cstackCOMRAM 000021
setProgramSupply@mode                    cstackCOMRAM 000013
stackhi                                  (abs)        0007FF
stacklo                                  (abs)        0001C3
start                                    init         000018
start_initialization                     cinit        000FB4
strcmp@r                                 cstackCOMRAM 000018
strcmp@s1                                cstackCOMRAM 000013
strcmp@s2                                cstackCOMRAM 000015
toupper@c                                cstackCOMRAM 000001


FUNCTION INFORMATION:

 *************** function _main *****************
 Defined at:
		line 82 in file "main.c"
 Parameters:    Size  Location     Type
		None
 Auto vars:     Size  Location     Type
  inputData       2   84[BANK0 ] int 
  inByte5         2   81[BANK0 ] int 
  inByte4         2   79[BANK0 ] int 
  inByte3         2   77[BANK0 ] int 
  inByte2         2   75[BANK0 ] int 
  inByte1         2   73[BANK0 ] int 
  command         1   86[BANK0 ] unsigned char 
  CompressorFl    1   83[BANK0 ] unsigned char 
  testByte        1   72[BANK0 ] unsigned char 
  i               1    0        unsigned char 
  ch              1    0        unsigned char 
 Return value:  Size  Location     Type
		None               void
 Registers used:
		wreg, fsr1l, fsr1h, fsr2l, fsr2h, status,2, status,0, tblptrl, tblptrh, tblptru, prodl, prodh, cstack
 Tracked objects:
		On entry : 
		On exit  : 
		Unchanged: 
 Data sizes:     COMRAM   BANK0   BANK1   BANK2   BANK3   BANK4   BANK5   BANK6   BANK7
      Params:         0       0       0       0       0       0       0       0       0
      Locals:         0      15       0       0       0       0       0       0       0
      Temps:          1       0       0       0       0       0       0       0       0
      Totals:         1      15       0       0       0       0       0       0       0
Total ram usage:       16 bytes
 Hardware stack levels required when called:    5
 This function calls:
		_AD5172_Program
		_AD5172_Read
		_AD5172_Set
		_AD5172_Stop
		_AD5172_Write
		_Busy_eep
		_DelayMs
		_Read_b_eep
		_Write_b_eep
		_i2c_SlaveRead
		_i2c_SlaveWrite
		_initializePorts
		_initialize_I2C
		_parseInString
		_printf
		_setMultiplexerAndBankRelays
		_setProgramSupply
		_turnCompressorOff
		_turnCompressorOn
 This function is called by:
		Startup code after reset
 This function uses a non-reentrant model


 *************** function _turnCompressorOn *****************
 Defined at:
		line 769 in file "main.c"
 Parameters:    Size  Location     Type
		None
 Auto vars:     Size  Location     Type
		None
 Return value:  Size  Location     Type
		None               void
 Registers used:
		wreg, status,2, status,0, cstack
 Tracked objects:
		On entry : 
		On exit  : 
		Unchanged: 
 Data sizes:     COMRAM   BANK0   BANK1   BANK2   BANK3   BANK4   BANK5   BANK6   BANK7
      Params:         0       0       0       0       0       0       0       0       0
      Locals:         0       0       0       0       0       0       0       0       0
      Temps:          0       0       0       0       0       0       0       0       0
      Totals:         0       0       0       0       0       0       0       0       0
Total ram usage:        0 bytes
 Hardware stack levels used:    1
 Hardware stack levels required when called:    3
 This function calls:
		_Busy_eep
		_DelayMs
		_Write_b_eep
 This function is called by:
		_main
 This function uses a non-reentrant model


 *************** function _turnCompressorOff *****************
 Defined at:
		line 778 in file "main.c"
 Parameters:    Size  Location     Type
		None
 Auto vars:     Size  Location     Type
		None
 Return value:  Size  Location     Type
		None               void
 Registers used:
		wreg, status,2, status,0, cstack
 Tracked objects:
		On entry : 
		On exit  : 
		Unchanged: 
 Data sizes:     COMRAM   BANK0   BANK1   BANK2   BANK3   BANK4   BANK5   BANK6   BANK7
      Params:         0       0       0       0       0       0       0       0       0
      Locals:         0       0       0       0       0       0       0       0       0
      Temps:          0       0       0       0       0       0       0       0       0
      Totals:         0       0       0       0       0       0       0       0       0
Total ram usage:        0 bytes
 Hardware stack levels used:    1
 Hardware stack levels required when called:    3
 This function calls:
		_Busy_eep
		_DelayMs
		_Write_b_eep
 This function is called by:
		_main
 This function uses a non-reentrant model


 *************** function _Write_b_eep *****************
 Defined at:
		line 30 in file "C:\Program Files (x86)\Microchip\xc8\v1.33\sources\pic18\plib\EEP\write_B.c"
 Parameters:    Size  Location     Type
  badd            2   18[COMRAM] unsigned int 
  bdat            1   20[COMRAM] unsigned char 
 Auto vars:     Size  Location     Type
  GIE_BIT_VAL     1   21[COMRAM] unsigned char 
 Return value:  Size  Location     Type
		None               void
 Registers used:
		wreg, status,2
 Tracked objects:
		On entry : 
		On exit  : 
		Unchanged: 
 Data sizes:     COMRAM   BANK0   BANK1   BANK2   BANK3   BANK4   BANK5   BANK6   BANK7
      Params:         3       0       0       0       0       0       0       0       0
      Locals:         1       0       0       0       0       0       0       0       0
      Temps:          0       0       0       0       0       0       0       0       0
      Totals:         4       0       0       0       0       0       0       0       0
Total ram usage:        4 bytes
 Hardware stack levels used:    1
 Hardware stack levels required when called:    2
 This function calls:
		Nothing
 This function is called by:
		_main
		_turnCompressorOn
		_turnCompressorOff
 This function uses a non-reentrant model


 *************** function _Busy_eep *****************
 Defined at:
		line 12 in file "C:\Program Files (x86)\Microchip\xc8\v1.33\sources\pic18\plib\EEP\busy_eep.c"
 Parameters:    Size  Location     Type
		None
 Auto vars:     Size  Location     Type
		None
 Return value:  Size  Location     Type
		None               void
 Registers used:
		None
 Tracked objects:
		On entry : 
		On exit  : 
		Unchanged: 
 Data sizes:     COMRAM   BANK0   BANK1   BANK2   BANK3   BANK4   BANK5   BANK6   BANK7
      Params:         0       0       0       0       0       0       0       0       0
      Locals:         0       0       0       0       0       0       0       0       0
      Temps:          0       0       0       0       0       0       0       0       0
      Totals:         0       0       0       0       0       0       0       0       0
Total ram usage:        0 bytes
 Hardware stack levels used:    1
 Hardware stack levels required when called:    2
 This function calls:
		Nothing
 This function is called by:
		_main
		_turnCompressorOn
		_turnCompressorOff
 This function uses a non-reentrant model


 *************** function _setProgramSupply *****************
 Defined at:
		line 595 in file "main.c"
 Parameters:    Size  Location     Type
  mode            1    wreg     unsigned char 
 Auto vars:     Size  Location     Type
  mode            1   18[COMRAM] unsigned char 
 Return value:  Size  Location     Type
		None               void
 Registers used:
		wreg, status,2, status,0
 Tracked objects:
		On entry : 
		On exit  : 
		Unchanged: 
 Data sizes:     COMRAM   BANK0   BANK1   BANK2   BANK3   BANK4   BANK5   BANK6   BANK7
      Params:         0       0       0       0       0       0       0       0       0
      Locals:         1       0       0       0       0       0       0       0       0
      Temps:          0       0       0       0       0       0       0       0       0
      Totals:         1       0       0       0       0       0       0       0       0
Total ram usage:        1 bytes
 Hardware stack levels used:    1
 Hardware stack levels required when called:    2
 This function calls:
		Nothing
 This function is called by:
		_main
 This function uses a non-reentrant model


 *************** function _setMultiplexerAndBankRelays *****************
 Defined at:
		line 640 in file "main.c"
 Parameters:    Size  Location     Type
  boardSelect     1    wreg     unsigned char 
  sensorNumber    2   26[COMRAM] int 
 Auto vars:     Size  Location     Type
  boardSelect     1   39[COMRAM] unsigned char 
  bank            2   40[COMRAM] int 
  dividend        2   37[COMRAM] int 
  quotient        2   35[COMRAM] int 
  temp            2   32[COMRAM] int 
  remainder       2   30[COMRAM] int 
  divisor         2    0        int 
  channel         1   34[COMRAM] unsigned char 
 Return value:  Size  Location     Type
                  2   26[COMRAM] int 
 Registers used:
		wreg, status,2, status,0, prodl, cstack
 Tracked objects:
		On entry : 
		On exit  : 
		Unchanged: 
 Data sizes:     COMRAM   BANK0   BANK1   BANK2   BANK3   BANK4   BANK5   BANK6   BANK7
      Params:         2       0       0       0       0       0       0       0       0
      Locals:        12       0       0       0       0       0       0       0       0
      Temps:          2       0       0       0       0       0       0       0       0
      Totals:        16       0       0       0       0       0       0       0       0
Total ram usage:       16 bytes
 Hardware stack levels used:    1
 Hardware stack levels required when called:    3
 This function calls:
		_DelayMs
		___awdiv
 This function is called by:
		_main
 This function uses a non-reentrant model


 *************** function ___awdiv *****************
 Defined at:
		line 8 in file "C:\Program Files (x86)\Microchip\xc8\v1.33\sources\common\awdiv.c"
 Parameters:    Size  Location     Type
  dividend        2   18[COMRAM] int 
  divisor         2   20[COMRAM] int 
 Auto vars:     Size  Location     Type
  quotient        2   24[COMRAM] int 
  sign            1   23[COMRAM] unsigned char 
  counter         1   22[COMRAM] unsigned char 
 Return value:  Size  Location     Type
                  2   18[COMRAM] int 
 Registers used:
		wreg, status,2, status,0, prodl
 Tracked objects:
		On entry : 
		On exit  : 
		Unchanged: 
 Data sizes:     COMRAM   BANK0   BANK1   BANK2   BANK3   BANK4   BANK5   BANK6   BANK7
      Params:         4       0       0       0       0       0       0       0       0
      Locals:         4       0       0       0       0       0       0       0       0
      Temps:          0       0       0       0       0       0       0       0       0
      Totals:         8       0       0       0       0       0       0       0       0
Total ram usage:        8 bytes
 Hardware stack levels used:    1
 Hardware stack levels required when called:    2
 This function calls:
		Nothing
 This function is called by:
		_setMultiplexerAndBankRelays
 This function uses a non-reentrant model


 *************** function _DelayMs *****************
 Defined at:
		line 18 in file "DELAY16.c"
 Parameters:    Size  Location     Type
  i               2   18[COMRAM] unsigned int 
 Auto vars:     Size  Location     Type
  j               2   20[COMRAM] int 
  k               1   22[COMRAM] unsigned char 
 Return value:  Size  Location     Type
		None               void
 Registers used:
		wreg, status,2, status,0
 Tracked objects:
		On entry : 
		On exit  : 
		Unchanged: 
 Data sizes:     COMRAM   BANK0   BANK1   BANK2   BANK3   BANK4   BANK5   BANK6   BANK7
      Params:         2       0       0       0       0       0       0       0       0
      Locals:         3       0       0       0       0       0       0       0       0
      Temps:          0       0       0       0       0       0       0       0       0
      Totals:         5       0       0       0       0       0       0       0       0
Total ram usage:        5 bytes
 Hardware stack levels used:    1
 Hardware stack levels required when called:    2
 This function calls:
		Nothing
 This function is called by:
		_main
		_setMultiplexerAndBankRelays
		_turnCompressorOn
		_turnCompressorOff
 This function uses a non-reentrant model


 *************** function _printf *****************
 Defined at:
		line 464 in file "C:\Program Files (x86)\Microchip\xc8\v1.33\sources\common\doprnt.c"
 Parameters:    Size  Location     Type
  f               2   30[COMRAM] PTR const unsigned char 
		 -> STR_29(26), STR_28(30), STR_27(31), STR_26(13), 
		 -> STR_25(24), STR_24(24), STR_23(11), STR_22(19), 
		 -> STR_21(27), STR_20(11), STR_19(36), STR_18(36), 
		 -> STR_17(11), STR_16(19), STR_15(11), STR_14(36), 
		 -> STR_13(36), STR_12(11), STR_11(19), STR_10(12), 
		 -> STR_9(19), STR_8(19), STR_7(20), STR_6(16), 
		 -> STR_5(17), STR_4(16), STR_3(21), STR_2(62), 
		 -> STR_1(74), 
 Auto vars:     Size  Location     Type
  _val            5   50[COMRAM] struct .
  ap              2   48[COMRAM] PTR void [1]
		 -> ?_printf(2), 
  c               1   55[COMRAM] char 
  prec            1   47[COMRAM] char 
  flag            1   46[COMRAM] unsigned char 
 Return value:  Size  Location     Type
                  2   30[COMRAM] int 
 Registers used:
		wreg, fsr2l, fsr2h, status,2, status,0, tblptrl, tblptrh, tblptru, prodl, prodh, cstack
 Tracked objects:
		On entry : 
		On exit  : 
		Unchanged: 
 Data sizes:     COMRAM   BANK0   BANK1   BANK2   BANK3   BANK4   BANK5   BANK6   BANK7
      Params:        14       0       0       0       0       0       0       0       0
      Locals:        10       0       0       0       0       0       0       0       0
      Temps:          2       0       0       0       0       0       0       0       0
      Totals:        26       0       0       0       0       0       0       0       0
Total ram usage:       26 bytes
 Hardware stack levels used:    1
 Hardware stack levels required when called:    3
 This function calls:
		___lwdiv
		___lwmod
		_putch
 This function is called by:
		_main
 This function uses a non-reentrant model


 *************** function _putch *****************
 Defined at:
		line 392 in file "main.c"
 Parameters:    Size  Location     Type
  byte            1    wreg     unsigned char 
 Auto vars:     Size  Location     Type
  byte            1   18[COMRAM] unsigned char 
 Return value:  Size  Location     Type
		None               void
 Registers used:
		wreg
 Tracked objects:
		On entry : 
		On exit  : 
		Unchanged: 
 Data sizes:     COMRAM   BANK0   BANK1   BANK2   BANK3   BANK4   BANK5   BANK6   BANK7
      Params:         0       0       0       0       0       0       0       0       0
      Locals:         1       0       0       0       0       0       0       0       0
      Temps:          0       0       0       0       0       0       0       0       0
      Totals:         1       0       0       0       0       0       0       0       0
Total ram usage:        1 bytes
 Hardware stack levels used:    1
 Hardware stack levels required when called:    2
 This function calls:
		Nothing
 This function is called by:
		_printf
 This function uses a non-reentrant model


 *************** function ___lwmod *****************
 Defined at:
		line 8 in file "C:\Program Files (x86)\Microchip\xc8\v1.33\sources\common\lwmod.c"
 Parameters:    Size  Location     Type
  dividend        2   25[COMRAM] unsigned int 
  divisor         2   27[COMRAM] unsigned int 
 Auto vars:     Size  Location     Type
  counter         1   29[COMRAM] unsigned char 
 Return value:  Size  Location     Type
                  2   25[COMRAM] unsigned int 
 Registers used:
		wreg, status,2, status,0
 Tracked objects:
		On entry : 
		On exit  : 
		Unchanged: 
 Data sizes:     COMRAM   BANK0   BANK1   BANK2   BANK3   BANK4   BANK5   BANK6   BANK7
      Params:         4       0       0       0       0       0       0       0       0
      Locals:         1       0       0       0       0       0       0       0       0
      Temps:          0       0       0       0       0       0       0       0       0
      Totals:         5       0       0       0       0       0       0       0       0
Total ram usage:        5 bytes
 Hardware stack levels used:    1
 Hardware stack levels required when called:    2
 This function calls:
		Nothing
 This function is called by:
		_printf
 This function uses a non-reentrant model


 *************** function ___lwdiv *****************
 Defined at:
		line 8 in file "C:\Program Files (x86)\Microchip\xc8\v1.33\sources\common\lwdiv.c"
 Parameters:    Size  Location     Type
  dividend        2   18[COMRAM] unsigned int 
  divisor         2   20[COMRAM] unsigned int 
 Auto vars:     Size  Location     Type
  quotient        2   23[COMRAM] unsigned int 
  counter         1   22[COMRAM] unsigned char 
 Return value:  Size  Location     Type
                  2   18[COMRAM] unsigned int 
 Registers used:
		wreg, status,2, status,0
 Tracked objects:
		On entry : 
		On exit  : 
		Unchanged: 
 Data sizes:     COMRAM   BANK0   BANK1   BANK2   BANK3   BANK4   BANK5   BANK6   BANK7
      Params:         4       0       0       0       0       0       0       0       0
      Locals:         3       0       0       0       0       0       0       0       0
      Temps:          0       0       0       0       0       0       0       0       0
      Totals:         7       0       0       0       0       0       0       0       0
Total ram usage:        7 bytes
 Hardware stack levels used:    1
 Hardware stack levels required when called:    2
 This function calls:
		Nothing
 This function is called by:
		_printf
 This function uses a non-reentrant model


 *************** function _parseInString *****************
 Defined at:
		line 411 in file "main.c"
 Parameters:    Size  Location     Type
		None
 Auto vars:     Size  Location     Type
  alphaString    32   32[BANK0 ] unsigned char [32]
  numString      32    0[BANK0 ] unsigned char [32]
  value           2   66[BANK0 ] int 
  ch              1   71[BANK0 ] unsigned char 
  i               1   70[BANK0 ] unsigned char 
  j               1   69[BANK0 ] unsigned char 
  command         1   68[BANK0 ] unsigned char 
  k               1   65[BANK0 ] unsigned char 
  punctuationC    1   64[BANK0 ] unsigned char 
 Return value:  Size  Location     Type
                  1    wreg      unsigned char 
 Registers used:
		wreg, fsr1l, fsr1h, fsr2l, fsr2h, status,2, status,0, tblptrl, tblptrh, tblptru, prodl, prodh, cstack
 Tracked objects:
		On entry : 
		On exit  : 
		Unchanged: 
 Data sizes:     COMRAM   BANK0   BANK1   BANK2   BANK3   BANK4   BANK5   BANK6   BANK7
      Params:         0       0       0       0       0       0       0       0       0
      Locals:         0      72       0       0       0       0       0       0       0
      Temps:          0       0       0       0       0       0       0       0       0
      Totals:         0      72       0       0       0       0       0       0       0
Total ram usage:       72 bytes
 Hardware stack levels used:    1
 Hardware stack levels required when called:    4
 This function calls:
		_atoi
		_isalpha
		_isdigit
		_ispunct
		_isspace
		_strcmp
 This function is called by:
		_main
 This function uses a non-reentrant model


 *************** function _strcmp *****************
 Defined at:
		line 33 in file "C:\Program Files (x86)\Microchip\xc8\v1.33\sources\common\strcmp.c"
 Parameters:    Size  Location     Type
  s1              2   18[COMRAM] PTR const unsigned char 
		 -> STR_42(5), STR_41(14), STR_40(15), STR_39(4), 
		 -> STR_38(4), STR_37(5), STR_36(4), STR_35(5), 
		 -> STR_34(5), STR_33(5), STR_32(5), STR_31(4), 
		 -> STR_30(6), 
  s2              2   20[COMRAM] PTR const unsigned char 
		 -> parseInString@alphaString(32), 
 Auto vars:     Size  Location     Type
  r               1   23[COMRAM] char 
 Return value:  Size  Location     Type
                  2   18[COMRAM] int 
 Registers used:
		wreg, fsr2l, fsr2h, status,2, status,0, tblptrl, tblptrh, tblptru
 Tracked objects:
		On entry : 
		On exit  : 
		Unchanged: 
 Data sizes:     COMRAM   BANK0   BANK1   BANK2   BANK3   BANK4   BANK5   BANK6   BANK7
      Params:         4       0       0       0       0       0       0       0       0
      Locals:         1       0       0       0       0       0       0       0       0
      Temps:          1       0       0       0       0       0       0       0       0
      Totals:         6       0       0       0       0       0       0       0       0
Total ram usage:        6 bytes
 Hardware stack levels used:    1
 Hardware stack levels required when called:    2
 This function calls:
		Nothing
 This function is called by:
		_parseInString
 This function uses a non-reentrant model


 *************** function _isspace *****************
 Defined at:
		line 8 in file "C:\Program Files (x86)\Microchip\xc8\v1.33\sources\common\isspace.c"
 Parameters:    Size  Location     Type
  c               1    wreg     unsigned char 
 Auto vars:     Size  Location     Type
  c               1   20[COMRAM] unsigned char 
 Return value:  Size  Location     Type
		None               void
 Registers used:
		wreg, status,2, status,0
 Tracked objects:
		On entry : 
		On exit  : 
		Unchanged: 
 Data sizes:     COMRAM   BANK0   BANK1   BANK2   BANK3   BANK4   BANK5   BANK6   BANK7
      Params:         0       0       0       0       0       0       0       0       0
      Locals:         2       0       0       0       0       0       0       0       0
      Temps:          1       0       0       0       0       0       0       0       0
      Totals:         3       0       0       0       0       0       0       0       0
Total ram usage:        3 bytes
 Hardware stack levels used:    1
 Hardware stack levels required when called:    2
 This function calls:
		Nothing
 This function is called by:
		_parseInString
 This function uses a non-reentrant model


 *************** function _ispunct *****************
 Defined at:
		line 8 in file "C:\Program Files (x86)\Microchip\xc8\v1.33\sources\common\ispunct.c"
 Parameters:    Size  Location     Type
  c               1    wreg     unsigned char 
 Auto vars:     Size  Location     Type
  c               1   18[COMRAM] unsigned char 
 Return value:  Size  Location     Type
		None               void
 Registers used:
		wreg, status,2, status,0
 Tracked objects:
		On entry : 
		On exit  : 
		Unchanged: 
 Data sizes:     COMRAM   BANK0   BANK1   BANK2   BANK3   BANK4   BANK5   BANK6   BANK7
      Params:         0       0       0       0       0       0       0       0       0
      Locals:         1       0       0       0       0       0       0       0       0
      Temps:          0       0       0       0       0       0       0       0       0
      Totals:         1       0       0       0       0       0       0       0       0
Total ram usage:        1 bytes
 Hardware stack levels used:    1
 Hardware stack levels required when called:    2
 This function calls:
		Nothing
 This function is called by:
		_parseInString
 This function uses a non-reentrant model


 *************** function _isalpha *****************
 Defined at:
		line 8 in file "C:\Program Files (x86)\Microchip\xc8\v1.33\sources\common\isalpha.c"
 Parameters:    Size  Location     Type
  c               1    wreg     unsigned char 
 Auto vars:     Size  Location     Type
  c               1   23[COMRAM] unsigned char 
 Return value:  Size  Location     Type
		None               void
 Registers used:
		wreg, status,2, status,0, cstack
 Tracked objects:
		On entry : 
		On exit  : 
		Unchanged: 
 Data sizes:     COMRAM   BANK0   BANK1   BANK2   BANK3   BANK4   BANK5   BANK6   BANK7
      Params:         0       0       0       0       0       0       0       0       0
      Locals:         2       0       0       0       0       0       0       0       0
      Temps:          1       0       0       0       0       0       0       0       0
      Totals:         3       0       0       0       0       0       0       0       0
Total ram usage:        3 bytes
 Hardware stack levels used:    1
 Hardware stack levels required when called:    3
 This function calls:
		_isupper
 This function is called by:
		_parseInString
 This function uses a non-reentrant model


 *************** function _isupper *****************
 Defined at:
		line 8 in file "C:\Program Files (x86)\Microchip\xc8\v1.33\sources\common\isupper.c"
 Parameters:    Size  Location     Type
  c               1    wreg     unsigned char 
 Auto vars:     Size  Location     Type
  c               1   20[COMRAM] unsigned char 
 Return value:  Size  Location     Type
		None               void
 Registers used:
		wreg, status,2, status,0
 Tracked objects:
		On entry : 
		On exit  : 
		Unchanged: 
 Data sizes:     COMRAM   BANK0   BANK1   BANK2   BANK3   BANK4   BANK5   BANK6   BANK7
      Params:         0       0       0       0       0       0       0       0       0
      Locals:         2       0       0       0       0       0       0       0       0
      Temps:          1       0       0       0       0       0       0       0       0
      Totals:         3       0       0       0       0       0       0       0       0
Total ram usage:        3 bytes
 Hardware stack levels used:    1
 Hardware stack levels required when called:    2
 This function calls:
		Nothing
 This function is called by:
		_isalpha
 This function uses a non-reentrant model


 *************** function _atoi *****************
 Defined at:
		line 5 in file "C:\Program Files (x86)\Microchip\xc8\v1.33\sources\common\atoi.c"
 Parameters:    Size  Location     Type
  s               2   24[COMRAM] PTR const unsigned char 
		 -> parseInString@numString(32), 
 Auto vars:     Size  Location     Type
  a               2   29[COMRAM] int 
  sign            1   28[COMRAM] unsigned char 
 Return value:  Size  Location     Type
                  2   24[COMRAM] int 
 Registers used:
		wreg, fsr2l, fsr2h, status,2, status,0, prodl, prodh, cstack
 Tracked objects:
		On entry : 
		On exit  : 
		Unchanged: 
[...]
      Totals:         2       0       0       0       0       0       0       0       0
Total ram usage:        2 bytes
 Hardware stack levels used:    1
 Hardware stack levels required when called:    2
 This function calls:
		Nothing
 This function is called by:
		_main
 This function uses a non-reentrant model


 *************** function _AD5172_Write *****************
 Defined at:
		line 137 in file "AD5172_I2C.c"
 Parameters:    Size  Location     Type
  potSelect       1    wreg     unsigned char 
  dataByte        1   19[COMRAM] unsigned char 
 Auto vars:     Size  Location     Type
  potSelect       1   20[COMRAM] unsigned char 
  instructionB    1   21[COMRAM] unsigned char 
 Return value:  Size  Location     Type
		None               void
 Registers used:
		wreg, status,2, status,0, cstack
 Tracked objects:
		On entry : 
		On exit  : 
		Unchanged: 
 Data sizes:     COMRAM   BANK0   BANK1   BANK2   BANK3   BANK4   BANK5   BANK6   BANK7
      Params:         1       0       0       0       0       0       0       0       0
      Locals:         2       0       0       0       0       0       0       0       0
      Temps:          0       0       0       0       0       0       0       0       0
      Totals:         3       0       0       0       0       0       0       0       0
Total ram usage:        3 bytes
 Hardware stack levels used:    1
 Hardware stack levels required when called:    3
 This function calls:
		_AD5172_SendByte
		_AD5172_Start
		_AD5172_Stop
		_get_Acknowledge
 This function is called by:
		_main
 This function uses a non-reentrant model


 *************** function _AD5172_Set *****************
 Defined at:
		line 165 in file "AD5172_I2C.c"
 Parameters:    Size  Location     Type
  potSelect       1    wreg     unsigned char 
 Auto vars:     Size  Location     Type
  potSelect       1   19[COMRAM] unsigned char 
  instructionB    1   20[COMRAM] unsigned char 
 Return value:  Size  Location     Type
		None               void
 Registers used:
		wreg, status,2, status,0, cstack
 Tracked objects:
		On entry : 
		On exit  : 
		Unchanged: 
 Data sizes:     COMRAM   BANK0   BANK1   BANK2   BANK3   BANK4   BANK5   BANK6   BANK7
      Params:         0       0       0       0       0       0       0       0       0
      Locals:         2       0       0       0       0       0       0       0       0
      Temps:          0       0       0       0       0       0       0       0       0
      Totals:         2       0       0       0       0       0       0       0       0
Total ram usage:        2 bytes
 Hardware stack levels used:    1
 Hardware stack levels required when called:    3
 This function calls:
		_AD5172_SendByte
		_AD5172_Start
		_AD5172_Stop
		_get_Acknowledge
 This function is called by:
		_main
 This function uses a non-reentrant model


 *************** function _AD5172_Read *****************
 Defined at:
		line 208 in file "AD5172_I2C.c"
 Parameters:    Size  Location     Type
		None
 Auto vars:     Size  Location     Type
  temp            2   25[COMRAM] int 
  dataByte        2   23[COMRAM] int 
  status          1   27[COMRAM] unsigned char 
 Return value:  Size  Location     Type
                  2   21[COMRAM] int 
 Registers used:
		wreg, status,2, status,0, cstack
 Tracked objects:
		On entry : 
		On exit  : 
		Unchanged: 
 Data sizes:     COMRAM   BANK0   BANK1   BANK2   BANK3   BANK4   BANK5   BANK6   BANK7
      Params:         2       0       0       0       0       0       0       0       0
      Locals:         5       0       0       0       0       0       0       0       0
      Temps:          0       0       0       0       0       0       0       0       0
      Totals:         7       0       0       0       0       0       0       0       0
Total ram usage:        7 bytes
 Hardware stack levels used:    1
 Hardware stack levels required when called:    3
 This function calls:
		_AD5172_ReceiveByte
		_AD5172_SendByte
		_AD5172_Start
		_AD5172_Stop
		_get_Acknowledge
		_send_Acknowledge
 This function is called by:
		_main
 This function uses a non-reentrant model


 *************** function _send_Acknowledge *****************
 Defined at:
		line 111 in file "AD5172_I2C.c"
 Parameters:    Size  Location     Type
  ack             1    wreg     unsigned char 
 Auto vars:     Size  Location     Type
  ack             1   18[COMRAM] unsigned char 
 Return value:  Size  Location     Type
		None               void
 Registers used:
		wreg, status,2
 Tracked objects:
		On entry : 
		On exit  : 
		Unchanged: 
 Data sizes:     COMRAM   BANK0   BANK1   BANK2   BANK3   BANK4   BANK5   BANK6   BANK7
      Params:         0       0       0       0       0       0       0       0       0
      Locals:         1       0       0       0       0       0       0       0       0
      Temps:          0       0       0       0       0       0       0       0       0
      Totals:         1       0       0       0       0       0       0       0       0
Total ram usage:        1 bytes
 Hardware stack levels used:    1
 Hardware stack levels required when called:    2
 This function calls:
		Nothing
 This function is called by:
		_AD5172_Read
		_i2c_SlaveRead
 This function uses a non-reentrant model


 *************** function _AD5172_ReceiveByte *****************
 Defined at:
		line 123 in file "AD5172_I2C.c"
 Parameters:    Size  Location     Type
		None
 Auto vars:     Size  Location     Type
  byte            1   20[COMRAM] unsigned char 
 Return value:  Size  Location     Type
                  2   18[COMRAM] int 
 Registers used:
		wreg, status,2
 Tracked objects:
		On entry : 
		On exit  : 
		Unchanged: 
 Data sizes:     COMRAM   BANK0   BANK1   BANK2   BANK3   BANK4   BANK5   BANK6   BANK7
      Params:         2       0       0       0       0       0       0       0       0
      Locals:         1       0       0       0       0       0       0       0       0
      Temps:          0       0       0       0       0       0       0       0       0
      Totals:         3       0       0       0       0       0       0       0       0
Total ram usage:        3 bytes
 Hardware stack levels used:    1
 Hardware stack levels required when called:    2
 This function calls:
		Nothing
 This function is called by:
		_AD5172_Read
		_i2c_SlaveRead
 This function uses a non-reentrant model


 *************** function _AD5172_Program *****************
 Defined at:
		line 188 in file "AD5172_I2C.c"
 Parameters:    Size  Location     Type
  potSelect       1    wreg     unsigned char 
 Auto vars:     Size  Location     Type
  potSelect       1   19[COMRAM] unsigned char 
  instructionB    1   20[COMRAM] unsigned char 
 Return value:  Size  Location     Type
		None               void
 Registers used:
		wreg, status,2, status,0, cstack
 Tracked objects:
		On entry : 
		On exit  : 
		Unchanged: 
 Data sizes:     COMRAM   BANK0   BANK1   BANK2   BANK3   BANK4   BANK5   BANK6   BANK7
      Params:         0       0       0       0       0       0       0       0       0
      Locals:         2       0       0       0       0       0       0       0       0
      Temps:          0       0       0       0       0       0       0       0       0
      Totals:         2       0       0       0       0       0       0       0       0
Total ram usage:        2 bytes
 Hardware stack levels used:    1
 Hardware stack levels required when called:    3
 This function calls:
		_AD5172_SendByte
		_AD5172_Start
		_AD5172_Stop
		_get_Acknowledge
 This function is called by:
		_main
 This function uses a non-reentrant model


 *************** function _get_Acknowledge *****************
 Defined at:
		line 102 in file "AD5172_I2C.c"
 Parameters:    Size  Location     Type
		None
 Auto vars:     Size  Location     Type
  ack             1   18[COMRAM] unsigned char 
 Return value:  Size  Location     Type
                  1    wreg      unsigned char 
 Registers used:
		wreg, status,2
 Tracked objects:
		On entry : 
		On exit  : 
		Unchanged: 
 Data sizes:     COMRAM   BANK0   BANK1   BANK2   BANK3   BANK4   BANK5   BANK6   BANK7
      Params:         0       0       0       0       0       0       0       0       0
      Locals:         1       0       0       0       0       0       0       0       0
      Temps:          0       0       0       0       0       0       0       0       0
      Totals:         1       0       0       0       0       0       0       0       0
Total ram usage:        1 bytes
 Hardware stack levels used:    1
 Hardware stack levels required when called:    2
 This function calls:
		Nothing
 This function is called by:
		_AD5172_Write
		_AD5172_Set
		_AD5172_Program
		_AD5172_Read
		_i2c_SlaveWrite
		_i2c_SlaveRead
 This function uses a non-reentrant model


 *************** function _AD5172_Stop *****************
 Defined at:
		line 56 in file "AD5172_I2C.c"
 Parameters:    Size  Location     Type
		None
 Auto vars:     Size  Location     Type
		None
 Return value:  Size  Location     Type
		None               void
 Registers used:
		wreg, status,2
 Tracked objects:
		On entry : 
		On exit  : 
		Unchanged: 
 Data sizes:     COMRAM   BANK0   BANK1   BANK2   BANK3   BANK4   BANK5   BANK6   BANK7
      Params:         0       0       0       0       0       0       0       0       0
      Locals:         0       0       0       0       0       0       0       0       0
      Temps:          0       0       0       0       0       0       0       0       0
      Totals:         0       0       0       0       0       0       0       0       0
Total ram usage:        0 bytes
 Hardware stack levels used:    1
 Hardware stack levels required when called:    2
 This function calls:
		Nothing
 This function is called by:
		_main
		_initialize_I2C
		_AD5172_Write
		_AD5172_Set
		_AD5172_Program
		_AD5172_Read
		_i2c_SlaveWrite
		_i2c_SlaveRead
 This function uses a non-reentrant model


 *************** function _AD5172_Start *****************
 Defined at:
		line 67 in file "AD5172_I2C.c"
 Parameters:    Size  Location     Type
		None
 Auto vars:     Size  Location     Type
		None
 Return value:  Size  Location     Type
		None               void
 Registers used:
		wreg, status,2
 Tracked objects:
		On entry : 
		On exit  : 
		Unchanged: 
 Data sizes:     COMRAM   BANK0   BANK1   BANK2   BANK3   BANK4   BANK5   BANK6   BANK7
      Params:         0       0       0       0       0       0       0       0       0
      Locals:         0       0       0       0       0       0       0       0       0
      Temps:          0       0       0       0       0       0       0       0       0
      Totals:         0       0       0       0       0       0       0       0       0
Total ram usage:        0 bytes
 Hardware stack levels used:    1
 Hardware stack levels required when called:    2
 This function calls:
		Nothing
 This function is called by:
		_AD5172_Write
		_AD5172_Set
		_AD5172_Program
		_AD5172_Read
		_i2c_SlaveWrite
		_i2c_SlaveRead
 This function uses a non-reentrant model


 *************** function _AD5172_SendByte *****************
 Defined at:
		line 91 in file "AD5172_I2C.c"
 Parameters:    Size  Location     Type
  byte            1    wreg     unsigned char 
 Auto vars:     Size  Location     Type
  byte            1   18[COMRAM] unsigned char 
 Return value:  Size  Location     Type
		None               void
 Registers used:
		wreg, status,2
 Tracked objects:
		On entry : 
		On exit  : 
		Unchanged: 
 Data sizes:     COMRAM   BANK0   BANK1   BANK2   BANK3   BANK4   BANK5   BANK6   BANK7
      Params:         0       0       0       0       0       0       0       0       0
      Locals:         1       0       0       0       0       0       0       0       0
      Temps:          0       0       0       0       0       0       0       0       0
      Totals:         1       0       0       0       0       0       0       0       0
Total ram usage:        1 bytes
 Hardware stack levels used:    1
 Hardware stack levels required when called:    2
 This function calls:
		Nothing
 This function is called by:
		_AD5172_Write
		_AD5172_Set
		_AD5172_Program
		_AD5172_Read
		_i2c_SlaveWrite
		_i2c_SlaveRead
 This function uses a non-reentrant model


 *************** function _isr *****************
 Defined at:
		line 347 in file "main.c"
 Parameters:    Size  Location     Type
		None
 Auto vars:     Size  Location     Type
  ch              1   17[COMRAM] unsigned char 
  temp            1   16[COMRAM] unsigned char 
  dummy           1   15[COMRAM] unsigned char 
 Return value:  Size  Location     Type
		None               void
 Registers used:
		wreg, fsr2l, fsr2h, status,2, status,0, prodl, prodh, cstack
 Tracked objects:
		On entry : 
		On exit  : 
		Unchanged: 
 Data sizes:     COMRAM   BANK0   BANK1   BANK2   BANK3   BANK4   BANK5   BANK6   BANK7
      Params:         0       0       0       0       0       0       0       0       0
      Locals:         3       0       0       0       0       0       0       0       0
      Temps:         14       0       0       0       0       0       0       0       0
      Totals:        17       0       0       0       0       0       0       0       0
Total ram usage:       17 bytes
 Hardware stack levels used:    1
 Hardware stack levels required when called:    1
 This function calls:
		_toupper
 This function is called by:
		Interrupt level 2
 This function uses a non-reentrant model


 *************** function _toupper *****************
 Defined at:
		line 5 in file "C:\Program Files (x86)\Microchip\xc8\v1.33\sources\common\toupper.c"
 Parameters:    Size  Location     Type
  c               1    wreg     unsigned char 
 Auto vars:     Size  Location     Type
  c               1    0[COMRAM] unsigned char 
 Return value:  Size  Location     Type
                  1    wreg      unsigned char 
 Registers used:
		wreg, status,2, status,0
 Tracked objects:
		On entry : 
		On exit  : 
		Unchanged: 
 Data sizes:     COMRAM   BANK0   BANK1   BANK2   BANK3   BANK4   BANK5   BANK6   BANK7
      Params:         0       0       0       0       0       0       0       0       0
      Locals:         1       0       0       0       0       0       0       0       0
      Temps:          0       0       0       0       0       0       0       0       0
      Totals:         1       0       0       0       0       0       0       0       0
Total ram usage:        1 bytes
 Hardware stack levels used:    1
 This function calls:
		Nothing
 This function is called by:
		_isr
 This function uses a non-reentrant model



MODULE INFORMATION

Module		Function		Class		Link	Load	Size
C:\Program Files (x86)\Microchip\xc8\v1.33\sources\pic18\plib\EEP\write_B.c
		_Write_b_eep   		CODE           	1394	0000	56

C:\Program Files (x86)\Microchip\xc8\v1.33\sources\pic18\plib\EEP\write_B.c estimated size: 56

AD5172_I2C.c
		_AD5172_Program		CODE           	135A	0000	58
		_i2c_SlaveWrite		CODE           	10E4	0000	84
		_AD5172_Receive		CODE           	14F8	0000	38
		_AD5172_SendByt		CODE           	155E	0000	32
		_send_Acknowled		CODE           	1458	0000	42
		_AD5172_Set    		CODE           	1320	0000	58
		_AD5172_Read   		CODE           	1022	0000	98
		_AD5172_Stop   		CODE           	157E	0000	28
		_AD5172_Write  		CODE           	11D4	0000	72
		_AD5172_Start  		CODE           	159A	0000	28
		_get_Acknowledg		CODE           	15FC	0000	12
		_initialize_I2C		CODE           	15CC	0000	18
		_i2c_SlaveRead 		CODE           	1084	0000	96

AD5172_I2C.c estimated size: 664

C:\Program Files (x86)\Microchip\xc8\v1.33\sources\common\doprnt.c
		_printf        		CODE           	0BAC	0000	344

C:\Program Files (x86)\Microchip\xc8\v1.33\sources\common\doprnt.c estimated size: 344

C:\Program Files (x86)\Microchip\xc8\v1.33\sources\pic18\plib\EEP\busy_eep.c
		_Busy_eep      		CODE           	1608	0000	6

C:\Program Files (x86)\Microchip\xc8\v1.33\sources\pic18\plib\EEP\busy_eep.c estimated size: 6

C:\Program Files (x86)\Microchip\xc8\v1.33\sources\common\lwmod.c
		___lwmod       		CODE           	1260	0000	66

C:\Program Files (x86)\Microchip\xc8\v1.33\sources\common\lwmod.c estimated size: 66

C:\Program Files (x86)\Microchip\xc8\v1.33\sources\common\Umul16.c
		___wmul        		CODE           	14D2	0000	38

C:\Program Files (x86)\Microchip\xc8\v1.33\sources\common\Umul16.c estimated size: 38

C:\Program Files (x86)\Microchip\xc8\v1.33\sources\common\ispunct.c
		_ispunct       		CODE           	12E4	0000	60

C:\Program Files (x86)\Microchip\xc8\v1.33\sources\common\ispunct.c estimated size: 60

C:\Program Files (x86)\Microchip\xc8\v1.33\sources\common\atoi.c
		_atoi          		CODE           	0DD4	0000	202

C:\Program Files (x86)\Microchip\xc8\v1.33\sources\common\atoi.c estimated size: 202

C:\Program Files (x86)\Microchip\xc8\v1.33\sources\common\isupper.c
		_isupper       		CODE           	151E	0000	32

C:\Program Files (x86)\Microchip\xc8\v1.33\sources\common\isupper.c estimated size: 32

C:\Program Files (x86)\Microchip\xc8\v1.33\sources\common\lwdiv.c
		___lwdiv       		CODE           	1138	0000	82

C:\Program Files (x86)\Microchip\xc8\v1.33\sources\common\lwdiv.c estimated size: 82

C:\Program Files (x86)\Microchip\xc8\v1.33\sources\common\awdiv.c
		___awdiv       		CODE           	0E9E	0000	164

C:\Program Files (x86)\Microchip\xc8\v1.33\sources\common\awdiv.c estimated size: 164

C:\Program Files (x86)\Microchip\xc8\v1.33\sources\pic18\plib\EEP\read_B.c
		_Read_b_eep    		CODE           	15DE	0000	18

C:\Program Files (x86)\Microchip\xc8\v1.33\sources\pic18\plib\EEP\read_B.c estimated size: 18

shared
		__stringdata   		MEDIUMCONST    	7D7D	0000	641
		_dpowers       		MEDIUMCONST    	7D73	0000	10
		__initializatio		CODE           	0FB4	0000	100

shared estimated size: 751

C:\Program Files (x86)\Microchip\xc8\v1.33\sources\common\toupper.c
		_toupper       		CODE           	15B6	0000	22

C:\Program Files (x86)\Microchip\xc8\v1.33\sources\common\toupper.c estimated size: 22

C:\Program Files (x86)\Microchip\xc8\v1.33\sources\common\isalpha.c
		_isalpha       		CODE           	1402	0000	44

C:\Program Files (x86)\Microchip\xc8\v1.33\sources\common\isalpha.c estimated size: 44

C:\Program Files (x86)\Microchip\xc8\v1.33\sources\common\strcmp.c
		_strcmp        		CODE           	118A	0000	74

C:\Program Files (x86)\Microchip\xc8\v1.33\sources\common\strcmp.c estimated size: 74

C:\Program Files (x86)\Microchip\xc8\v1.33\sources\common\isspace.c
		_isspace       		CODE           	142E	0000	42

C:\Program Files (x86)\Microchip\xc8\v1.33\sources\common\isspace.c estimated size: 42

DELAY16.c
		_DelayMs       		CODE           	121C	0000	68

DELAY16.c estimated size: 68

main.c
		_turnCompressor		CODE           	14AA	0000	40
		_putch         		CODE           	15F0	0000	12
		_setProgramSupp		CODE           	13CC	0000	54
		_main          		CODE           	053E	0000	1246
		_initializePort		CODE           	0F42	0000	114
		_parseInString 		CODE           	001C	0000	1314
		_setMultiplexer		CODE           	0A1C	0000	400
		_isr           		CODE           	0008	0000	3532
		_turnCompressor		CODE           	1482	0000	40

main.c estimated size: 6752

C:\Program Files (x86)\Microchip\xc8\v1.33\sources\common\isdigit.c
		_isdigit       		CODE           	153E	0000	32

C:\Program Files (x86)\Microchip\xc8\v1.33\sources\common\isdigit.c estimated size: 32

